
> mku-nexus@0.1.0 build
> next build

  Γû▓ Next.js 14.2.5
  - Environments: .env.local

   Creating an optimized production build ...
 Γ£ô Compiled successfully
   Linting and checking validity of types ...
   Collecting page data ...
   Generating static pages (0/90) ...
node.exe : Admin appeals GET error: n [Error]: Dynamic server usage: Route 
/api/admin/appeals couldn't be rendered statically because it used `headers`. 
See more info here: https://nextjs.org/docs/messages/dynamic-server-error
At line:1 char:1
+ & "C:\Program Files\nodejs/node.exe" "C:\Program Files\nodejs/node_mo ...
+ ~~~~~~~~~~~~~~~~~~~~~~~~~~~~~~~~~~~~~~~~~~~~~~~~~~~~~~~~~~~~~~~~~~~~~
    + CategoryInfo          : NotSpecified: (Admin appeals G...ic-server-error 
   :String) [], RemoteException
    + FullyQualifiedErrorId : NativeCommandError
 
    at l (C:\Users\Clinton 
Arasa\mku\mku-nexus\.next\server\chunks\8948.js:1:37249)
    at d (C:\Users\Clinton 
Arasa\mku\mku-nexus\.next\server\chunks\7313.js:30:27870)
    at s (C:\Users\Clinton 
Arasa\mku\mku-nexus\.next\server\chunks\7313.js:30:20859)
    at p (C:\Users\Clinton 
Arasa\mku\mku-nexus\.next\server\app\api\admin\appeals\route.js:1:1257)
    at C:\Users\Clinton Arasa\mku\mku-nexus\node_modules\next\dist\compiled\nex
t-server\app-route.runtime.prod.js:6:36264
    at C:\Users\Clinton 
Arasa\mku\mku-nexus\node_modules\next\dist\server\lib\trace\tracer.js:140:36
    at NoopContextManager.with (C:\Users\Clinton Arasa\mku\mku-nexus\node_modul
es\next\dist\compiled\@opentelemetry\api\index.js:1:7062)
    at ContextAPI.with (C:\Users\Clinton Arasa\mku\mku-nexus\node_modules\next\
dist\compiled\@opentelemetry\api\index.js:1:518)
    at NoopTracer.startActiveSpan (C:\Users\Clinton Arasa\mku\mku-nexus\node_mo
dules\next\dist\compiled\@opentelemetry\api\index.js:1:18093)
    at ProxyTracer.startActiveSpan (C:\Users\Clinton Arasa\mku\mku-nexus\node_m
odules\next\dist\compiled\@opentelemetry\api\index.js:1:18854) {
  description: "Route /api/admin/appeals couldn't be rendered statically 
because it used `headers`. See more info here: 
https://nextjs.org/docs/messages/dynamic-server-error",
  digest: 'DYNAMIC_SERVER_USAGE'
}
Dashboard stats error: n [Error]: Dynamic server usage: Route /api/admin/stats 
couldn't be rendered statically because it used `headers`. See more info here: 
https://nextjs.org/docs/messages/dynamic-server-error
    at l (C:\Users\Clinton 
Arasa\mku\mku-nexus\.next\server\chunks\8948.js:1:37249)
    at d (C:\Users\Clinton 
Arasa\mku\mku-nexus\.next\server\chunks\7313.js:30:27870)
    at s (C:\Users\Clinton 
Arasa\mku\mku-nexus\.next\server\chunks\7313.js:30:20859)
    at c (C:\Users\Clinton 
Arasa\mku\mku-nexus\.next\server\app\api\admin\stats\route.js:1:1258)
    at C:\Users\Clinton Arasa\mku\mku-nexus\node_modules\next\dist\compiled\nex
t-server\app-route.runtime.prod.js:6:36264
    at C:\Users\Clinton 
Arasa\mku\mku-nexus\node_modules\next\dist\server\lib\trace\tracer.js:140:36
    at NoopContextManager.with (C:\Users\Clinton Arasa\mku\mku-nexus\node_modul
es\next\dist\compiled\@opentelemetry\api\index.js:1:7062)
    at ContextAPI.with (C:\Users\Clinton Arasa\mku\mku-nexus\node_modules\next\
dist\compiled\@opentelemetry\api\index.js:1:518)
    at NoopTracer.startActiveSpan (C:\Users\Clinton Arasa\mku\mku-nexus\node_mo
dules\next\dist\compiled\@opentelemetry\api\index.js:1:18093)
    at ProxyTracer.startActiveSpan (C:\Users\Clinton Arasa\mku\mku-nexus\node_m
odules\next\dist\compiled\@opentelemetry\api\index.js:1:18854) {
  description: "Route /api/admin/stats couldn't be rendered statically because 
it used `headers`. See more info here: 
https://nextjs.org/docs/messages/dynamic-server-error",
  digest: 'DYNAMIC_SERVER_USAGE'
}
   Generating static pages (22/90) 
Units GET error: n [Error]: Dynamic server usage: Route /api/lecturer/units 
couldn't be rendered statically because it used `headers`. See more info here: 
https://nextjs.org/docs/messages/dynamic-server-error
    at l (C:\Users\Clinton 
Arasa\mku\mku-nexus\.next\server\chunks\8948.js:1:37249)
    at d (C:\Users\Clinton 
Arasa\mku\mku-nexus\.next\server\chunks\7313.js:30:27870)
    at s (C:\Users\Clinton 
Arasa\mku\mku-nexus\.next\server\chunks\7313.js:30:20859)
    at c (C:\Users\Clinton 
Arasa\mku\mku-nexus\.next\server\app\api\lecturer\units\route.js:1:1258)
    at C:\Users\Clinton Arasa\mku\mku-nexus\node_modules\next\dist\compiled\nex
t-server\app-route.runtime.prod.js:6:36264
    at C:\Users\Clinton 
Arasa\mku\mku-nexus\node_modules\next\dist\server\lib\trace\tracer.js:140:36
    at NoopContextManager.with (C:\Users\Clinton Arasa\mku\mku-nexus\node_modul
es\next\dist\compiled\@opentelemetry\api\index.js:1:7062)
    at ContextAPI.with (C:\Users\Clinton Arasa\mku\mku-nexus\node_modules\next\
dist\compiled\@opentelemetry\api\index.js:1:518)
    at NoopTracer.startActiveSpan (C:\Users\Clinton Arasa\mku\mku-nexus\node_mo
dules\next\dist\compiled\@opentelemetry\api\index.js:1:18093)
    at ProxyTracer.startActiveSpan (C:\Users\Clinton Arasa\mku\mku-nexus\node_m
odules\next\dist\compiled\@opentelemetry\api\index.js:1:18854) {
  description: "Route /api/lecturer/units couldn't be rendered statically 
because it used `headers`. See more info here: 
https://nextjs.org/docs/messages/dynamic-server-error",
  digest: 'DYNAMIC_SERVER_USAGE'
}
Registration number generation error: n [Error]: Dynamic server usage: Route 
/api/student/register-number couldn't be rendered statically because it used 
`headers`. See more info here: 
https://nextjs.org/docs/messages/dynamic-server-error
    at l (C:\Users\Clinton 
Arasa\mku\mku-nexus\.next\server\chunks\8948.js:1:37249)
    at d (C:\Users\Clinton 
Arasa\mku\mku-nexus\.next\server\chunks\7313.js:30:27870)
    at s (C:\Users\Clinton 
Arasa\mku\mku-nexus\.next\server\chunks\7313.js:30:20859)
    at p (C:\Users\Clinton Arasa\mku\mku-nexus\.next\server\app\api\student\reg
ister-number\route.js:1:1268)
    at C:\Users\Clinton Arasa\mku\mku-nexus\node_modules\next\dist\compiled\nex
t-server\app-route.runtime.prod.js:6:36264
    at C:\Users\Clinton 
Arasa\mku\mku-nexus\node_modules\next\dist\server\lib\trace\tracer.js:140:36
    at NoopContextManager.with (C:\Users\Clinton Arasa\mku\mku-nexus\node_modul
es\next\dist\compiled\@opentelemetry\api\index.js:1:7062)
    at ContextAPI.with (C:\Users\Clinton Arasa\mku\mku-nexus\node_modules\next\
dist\compiled\@opentelemetry\api\index.js:1:518)
    at NoopTracer.startActiveSpan (C:\Users\Clinton Arasa\mku\mku-nexus\node_mo
dules\next\dist\compiled\@opentelemetry\api\index.js:1:18093)
    at ProxyTracer.startActiveSpan (C:\Users\Clinton Arasa\mku\mku-nexus\node_m
odules\next\dist\compiled\@opentelemetry\api\index.js:1:18854) {
  description: "Route /api/student/register-number couldn't be rendered 
statically because it used `headers`. See more info here: 
https://nextjs.org/docs/messages/dynamic-server-error",
  digest: 'DYNAMIC_SERVER_USAGE'
}
Venues GET error: n [Error]: Dynamic server usage: Route /api/timetable/venues 
couldn't be rendered statically because it used `headers`. See more info here: 
https://nextjs.org/docs/messages/dynamic-server-error
    at l (C:\Users\Clinton 
Arasa\mku\mku-nexus\.next\server\chunks\8948.js:1:37249)
    at d (C:\Users\Clinton 
Arasa\mku\mku-nexus\.next\server\chunks\7313.js:30:27870)
    at s (C:\Users\Clinton 
Arasa\mku\mku-nexus\.next\server\chunks\7313.js:30:20859)
    at c (C:\Users\Clinton 
Arasa\mku\mku-nexus\.next\server\app\api\timetable\venues\route.js:1:1258)
    at C:\Users\Clinton Arasa\mku\mku-nexus\node_modules\next\dist\compiled\nex
t-server\app-route.runtime.prod.js:6:36264
    at C:\Users\Clinton 
Arasa\mku\mku-nexus\node_modules\next\dist\server\lib\trace\tracer.js:140:36
    at NoopContextManager.with (C:\Users\Clinton Arasa\mku\mku-nexus\node_modul
es\next\dist\compiled\@opentelemetry\api\index.js:1:7062)
    at ContextAPI.with (C:\Users\Clinton Arasa\mku\mku-nexus\node_modules\next\
dist\compiled\@opentelemetry\api\index.js:1:518)
    at NoopTracer.startActiveSpan (C:\Users\Clinton Arasa\mku\mku-nexus\node_mo
dules\next\dist\compiled\@opentelemetry\api\index.js:1:18093)
    at ProxyTracer.startActiveSpan (C:\Users\Clinton Arasa\mku\mku-nexus\node_m
odules\next\dist\compiled\@opentelemetry\api\index.js:1:18854) {
  description: "Route /api/timetable/venues couldn't be rendered statically 
because it used `headers`. See more info here: 
https://nextjs.org/docs/messages/dynamic-server-error",
  digest: 'DYNAMIC_SERVER_USAGE'
}
Error fetching enrolled units: n [Error]: Dynamic server usage: Route 
/api/units/enrolled couldn't be rendered statically because it used `headers`. 
See more info here: https://nextjs.org/docs/messages/dynamic-server-error
    at l (C:\Users\Clinton 
Arasa\mku\mku-nexus\.next\server\chunks\8948.js:1:37249)
    at d (C:\Users\Clinton 
Arasa\mku\mku-nexus\.next\server\chunks\7313.js:30:27870)
    at s (C:\Users\Clinton 
Arasa\mku\mku-nexus\.next\server\chunks\7313.js:30:20859)
    at c (C:\Users\Clinton 
Arasa\mku\mku-nexus\.next\server\app\api\units\enrolled\route.js:1:1258)
    at C:\Users\Clinton Arasa\mku\mku-nexus\node_modules\next\dist\compiled\nex
t-server\app-route.runtime.prod.js:6:36264
    at C:\Users\Clinton 
Arasa\mku\mku-nexus\node_modules\next\dist\server\lib\trace\tracer.js:140:36
    at NoopContextManager.with (C:\Users\Clinton Arasa\mku\mku-nexus\node_modul
es\next\dist\compiled\@opentelemetry\api\index.js:1:7062)
    at ContextAPI.with (C:\Users\Clinton Arasa\mku\mku-nexus\node_modules\next\
dist\compiled\@opentelemetry\api\index.js:1:518)
    at NoopTracer.startActiveSpan (C:\Users\Clinton Arasa\mku\mku-nexus\node_mo
dules\next\dist\compiled\@opentelemetry\api\index.js:1:18093)
    at ProxyTracer.startActiveSpan (C:\Users\Clinton Arasa\mku\mku-nexus\node_m
odules\next\dist\compiled\@opentelemetry\api\index.js:1:18854) {
  description: "Route /api/units/enrolled couldn't be rendered statically 
because it used `headers`. See more info here: 
https://nextjs.org/docs/messages/dynamic-server-error",
  digest: 'DYNAMIC_SERVER_USAGE'
}
Error fetching units: n [Error]: Dynamic server usage: Route 
/api/units/available couldn't be rendered statically because it used 
`headers`. See more info here: 
https://nextjs.org/docs/messages/dynamic-server-error
    at l (C:\Users\Clinton 
Arasa\mku\mku-nexus\.next\server\chunks\8948.js:1:37249)
    at d (C:\Users\Clinton 
Arasa\mku\mku-nexus\.next\server\chunks\7313.js:30:27870)
    at s (C:\Users\Clinton 
Arasa\mku\mku-nexus\.next\server\chunks\7313.js:30:20859)
    at _ (C:\Users\Clinton 
Arasa\mku\mku-nexus\.next\server\app\api\units\available\route.js:1:1258)
    at C:\Users\Clinton Arasa\mku\mku-nexus\node_modules\next\dist\compiled\nex
t-server\app-route.runtime.prod.js:6:36264
    at C:\Users\Clinton 
Arasa\mku\mku-nexus\node_modules\next\dist\server\lib\trace\tracer.js:140:36
    at NoopContextManager.with (C:\Users\Clinton Arasa\mku\mku-nexus\node_modul
es\next\dist\compiled\@opentelemetry\api\index.js:1:7062)
    at ContextAPI.with (C:\Users\Clinton Arasa\mku\mku-nexus\node_modules\next\
dist\compiled\@opentelemetry\api\index.js:1:518)
    at NoopTracer.startActiveSpan (C:\Users\Clinton Arasa\mku\mku-nexus\node_mo
dules\next\dist\compiled\@opentelemetry\api\index.js:1:18093)
    at ProxyTracer.startActiveSpan (C:\Users\Clinton Arasa\mku\mku-nexus\node_m
odules\next\dist\compiled\@opentelemetry\api\index.js:1:18854) {
  description: "Route /api/units/available couldn't be rendered statically 
because it used `headers`. See more info here: 
https://nextjs.org/docs/messages/dynamic-server-error",
  digest: 'DYNAMIC_SERVER_USAGE'
}
Venues GET error: n [Error]: Dynamic server usage: Route /api/venues couldn't 
be rendered statically because it used `headers`. See more info here: 
https://nextjs.org/docs/messages/dynamic-server-error
    at l (C:\Users\Clinton 
Arasa\mku\mku-nexus\.next\server\chunks\8948.js:1:37249)
    at d (C:\Users\Clinton 
Arasa\mku\mku-nexus\.next\server\chunks\7313.js:30:27870)
    at s (C:\Users\Clinton 
Arasa\mku\mku-nexus\.next\server\chunks\7313.js:30:20859)
    at c (C:\Users\Clinton 
Arasa\mku\mku-nexus\.next\server\app\api\venues\route.js:1:1258)
    at C:\Users\Clinton Arasa\mku\mku-nexus\node_modules\next\dist\compiled\nex
t-server\app-route.runtime.prod.js:6:36264
    at C:\Users\Clinton 
Arasa\mku\mku-nexus\node_modules\next\dist\server\lib\trace\tracer.js:140:36
    at NoopContextManager.with (C:\Users\Clinton Arasa\mku\mku-nexus\node_modul
es\next\dist\compiled\@opentelemetry\api\index.js:1:7062)
    at ContextAPI.with (C:\Users\Clinton Arasa\mku\mku-nexus\node_modules\next\
dist\compiled\@opentelemetry\api\index.js:1:518)
    at NoopTracer.startActiveSpan (C:\Users\Clinton Arasa\mku\mku-nexus\node_mo
dules\next\dist\compiled\@opentelemetry\api\index.js:1:18093)
    at ProxyTracer.startActiveSpan (C:\Users\Clinton Arasa\mku\mku-nexus\node_m
odules\next\dist\compiled\@opentelemetry\api\index.js:1:18854) {
  description: "Route /api/venues couldn't be rendered statically because it 
used `headers`. See more info here: 
https://nextjs.org/docs/messages/dynamic-server-error",
  digest: 'DYNAMIC_SERVER_USAGE'
}
   Generating static pages (44/90) 
   Generating static pages (67/90) 
 Γ£ô Generating static pages (90/90)
   Finalizing page optimization ...
   Collecting build traces ...

Route (app)                              Size     First Load JS
Γöî Γùï /                                    143 B          87.5 kB
Γö£ Γùï /_not-found                          879 B          88.2 kB
Γö£ Γùï /admin/appeals                       4.83 kB         114 kB
Γö£ ╞Æ /admin/chat                          313 B           109 kB
Γö£ ╞Æ /admin/dashboard                     110 kB          219 kB
Γö£ ╞Æ /admin/events                        7.08 kB         116 kB
Γö£ ╞Æ /admin/help                          4.87 kB         114 kB
Γö£ Γùï /admin/login                         6.42 kB         115 kB
Γö£ ╞Æ /admin/notifications                 151 B           113 kB
Γö£ ╞Æ /admin/profile                       3.61 kB         113 kB
Γö£ Γùï /admin/timetable                     2.79 kB         105 kB
Γö£ Γùï /admin/timetable-appeals             4.41 kB         113 kB
Γö£ Γùï /admin/training                      5.08 kB         114 kB
Γö£ Γùï /admin/users                         4.86 kB         114 kB
Γö£ ╞Æ /admin/venues                        4.71 kB         114 kB
Γö£ ╞Æ /api/activation-request              0 B                0 B
Γö£ ╞Æ /api/admin/activation-requests/[id]  0 B                0 B
Γö£ ╞Æ /api/admin/appeals                   0 B                0 B
Γö£ ╞Æ /api/admin/appeals/[id]              0 B                0 B
Γö£ ╞Æ /api/admin/help                      0 B                0 B
Γö£ ╞Æ /api/admin/help/[id]                 0 B                0 B
Γö£ ╞Æ /api/admin/help/reset-password       0 B                0 B
Γö£ ╞Æ /api/admin/login-sessions            0 B                0 B
Γö£ ╞Æ /api/admin/stats                     0 B                0 B
Γö£ ╞Æ /api/admin/student-registration      0 B                0 B
Γö£ ╞Æ /api/admin/training                  0 B                0 B
Γö£ ╞Æ /api/admin/training/upload           0 B                0 B
Γö£ ╞Æ /api/admin/users                     0 B                0 B
Γö£ ╞Æ /api/auth/[...nextauth]              0 B                0 B
Γö£ ╞Æ /api/auth/change-password            0 B                0 B
Γö£ ╞Æ /api/chat                            0 B                0 B
Γö£ ╞Æ /api/courses                         0 B                0 B
Γö£ ╞Æ /api/disability                      0 B                0 B
Γö£ ╞Æ /api/disability/[id]                 0 B                0 B
Γö£ ╞Æ /api/enrollments                     0 B                0 B
Γö£ ╞Æ /api/events                          0 B                0 B
Γö£ ╞Æ /api/events/upload                   0 B                0 B
Γö£ ╞Æ /api/forums                          0 B                0 B
Γö£ ╞Æ /api/forums/[id]/posts               0 B                0 B
Γö£ ╞Æ /api/help/contact                    0 B                0 B
Γö£ ╞Æ /api/help/password-reset             0 B                0 B
Γö£ ╞Æ /api/lecturer/register-units         0 B                0 B
Γö£ ╞Æ /api/lecturer/units                  0 B                0 B
Γö£ ╞Æ /api/materials                       0 B                0 B
Γö£ ╞Æ /api/materials/upload                0 B                0 B
Γö£ ╞Æ /api/notifications                   0 B                0 B
Γö£ ╞Æ /api/notifications/count             0 B                0 B
Γö£ ╞Æ /api/polls                           0 B                0 B
Γö£ ╞Æ /api/polls/[id]                      0 B                0 B
Γö£ ╞Æ /api/polls/[id]/vote                 0 B                0 B
Γö£ ╞Æ /api/profile                         0 B                0 B
Γö£ ╞Æ /api/student/profile                 0 B                0 B
Γö£ ╞Æ /api/student/register-number         0 B                0 B
Γö£ ╞Æ /api/timetable                       0 B                0 B
Γö£ ╞Æ /api/timetable-appeals               0 B                0 B
Γö£ ╞Æ /api/timetable-appeals/[id]          0 B                0 B
Γö£ ╞Æ /api/timetable/export                0 B                0 B
Γö£ ╞Æ /api/timetable/override              0 B                0 B
Γö£ ╞Æ /api/timetable/upload                0 B                0 B
Γö£ ╞Æ /api/timetable/venues                0 B                0 B
Γö£ ╞Æ /api/units/available                 0 B                0 B
Γö£ ╞Æ /api/units/enrolled                  0 B                0 B
Γö£ ╞Æ /api/venue-requests                  0 B                0 B
Γö£ ╞Æ /api/venue-requests/[id]             0 B                0 B
Γö£ ╞Æ /api/venues                          0 B                0 B
Γö£ Γùï /lecturer/appeals                    4.48 kB         114 kB
Γö£ ╞Æ /lecturer/chat                       313 B           109 kB
Γö£ ╞Æ /lecturer/dashboard                  313 B           109 kB
Γö£ Γùï /lecturer/events                     7.16 kB         116 kB
Γö£ Γùï /lecturer/forums                     5.27 kB         114 kB
Γö£ Γùï /lecturer/login                      6.66 kB         116 kB
Γö£ Γùï /lecturer/materials                  4.91 kB         114 kB
Γö£ ╞Æ /lecturer/notifications              150 B           113 kB
Γö£ ╞Æ /lecturer/profile                    3.63 kB         113 kB
Γö£ Γùï /lecturer/timetable                  7.17 kB         116 kB
Γö£ Γùï /lecturer/timetable-appeal           4.19 kB         113 kB
Γö£ Γùï /lecturer/units                      8.09 kB         117 kB
Γö£ Γùï /lecturer/venues                     5.19 kB         114 kB
Γö£ Γùï /schedule-manager/appeals            4.12 kB         113 kB
Γö£ Γùï /schedule-manager/dashboard          3.04 kB         107 kB
Γö£ Γùï /schedule-manager/login              1.22 kB         103 kB
Γö£ ╞Æ /schedule-manager/notifications      2.82 kB         112 kB
Γö£ ╞Æ /schedule-manager/profile            3.61 kB         113 kB
Γö£ Γùï /schedule-manager/timetable          5.86 kB         115 kB
Γö£ Γùï /student/appeals                     4.65 kB         114 kB
Γö£ ╞Æ /student/chat                        313 B           109 kB
Γö£ ╞Æ /student/dashboard                   1.77 kB         116 kB
Γö£ Γùï /student/events                      5.33 kB         109 kB
Γö£ Γùï /student/forums                      4.74 kB         114 kB
Γö£ Γùï /student/login                       6.62 kB         116 kB
Γö£ Γùï /student/materials                   5.37 kB         109 kB
Γö£ ╞Æ /student/notifications               3.63 kB         113 kB
Γö£ ╞Æ /student/profile                     4.22 kB         113 kB
Γö£ Γùï /student/timetable                   7.31 kB         116 kB
Γö£ Γùï /student/timetable-appeal            5.37 kB         114 kB
Γö£ Γùï /student/units                       7.27 kB         116 kB
Γö£ Γùï /timetable/export                    4 kB            108 kB
Γöö Γùï /welcome                             178 B          94.3 kB
+ First Load JS shared by all            87.3 kB
  Γö£ chunks/7023-97a6a8fb4fa9882b.js      31.7 kB
  Γö£ chunks/fd9d1056-549f82ec4ad7c580.js  53.6 kB
  Γöö other shared chunks (total)          2.01 kB


╞Æ Middleware                             50.4 kB

Γùï  (Static)   prerendered as static content
╞Æ  (Dynamic)  server-rendered on demand

